V3 3
FL $XILINX/ProjetVhdl/Projet.vhd 2024/05/18.23:08:16 I.24
EN work/alu 1716070241             FL $XILINX/ProjetVhdl/Projet.vhd PB ieee/std_logic_1164 1131108373 \
      PH ieee/NUMERIC_STD 1131108384
AR work/alu/Behavioral 1716070242  FL $XILINX/ProjetVhdl/Projet.vhd EN work/alu 1716070241
